// Jest Snapshot v1, https://goo.gl/fbAQLP

exports[`About renders about page unchanged 1`] = `
<DocumentFragment>
  <section
    class="w-full py-8"
    id="about"
  >
    <div
      class="container relative ml-auto mr-auto w-screen max-w-custom px-8 md:px-0 mb-12"
    >
      <div
        class="text-center"
      >
        <div
          class="animate-appear"
          style="animation-delay: 0s;"
        >
          <h2>
            About me
          </h2>
        </div>
        <div
          class="animate-appear"
          style="animation-delay: 0.06s;"
        >
          <span
            class="block text-sm"
          >
            What I'm Doing Now
          </span>
        </div>
        <div
          class="animate-appear"
          style="animation-delay: 0.12s;"
        />
      </div>
    </div>
    <div
      class="container relative ml-auto mr-auto w-screen max-w-custom px-8 md:px-0"
    >
      <div
        class="grid items-start gap-6 md:grid-cols-2"
      >
        <div
          class="flex flex-wrap items-center justify-start gap-x-2 gap-y-4"
        >
          <div
            class="animate-appear"
            style="animation-delay: 0.12s;"
          >
            <span
              class="inline-block rounded-lg px-2 py-2 text-sm text-title-normal shadow-custom-soft"
            >
              TypeScript
            </span>
          </div>
          <div
            class="animate-appear"
            style="animation-delay: 0.135s;"
          >
            <span
              class="inline-block rounded-lg px-2 py-2 text-sm text-title-normal shadow-custom-soft"
            >
              JavaScript
            </span>
          </div>
          <div
            class="animate-appear"
            style="animation-delay: 0.15s;"
          >
            <span
              class="inline-block rounded-lg px-2 py-2 text-sm text-title-normal shadow-custom-soft"
            >
              Python
            </span>
          </div>
          <div
            class="animate-appear"
            style="animation-delay: 0.16499999999999998s;"
          >
            <span
              class="inline-block rounded-lg px-2 py-2 text-sm text-title-normal shadow-custom-soft"
            >
              Java
            </span>
          </div>
          <div
            class="animate-appear"
            style="animation-delay: 0.18s;"
          >
            <span
              class="inline-block rounded-lg px-2 py-2 text-sm text-title-normal shadow-custom-soft"
            >
              C++
            </span>
          </div>
          <div
            class="animate-appear"
            style="animation-delay: 0.195s;"
          >
            <span
              class="inline-block rounded-lg px-2 py-2 text-sm text-title-normal shadow-custom-soft"
            >
              C
            </span>
          </div>
          <div
            class="animate-appear"
            style="animation-delay: 0.21s;"
          >
            <span
              class="inline-block rounded-lg px-2 py-2 text-sm text-title-normal shadow-custom-soft"
            >
              React
            </span>
          </div>
          <div
            class="animate-appear"
            style="animation-delay: 0.22499999999999998s;"
          >
            <span
              class="inline-block rounded-lg px-2 py-2 text-sm text-title-normal shadow-custom-soft"
            >
              NextJs
            </span>
          </div>
          <div
            class="animate-appear"
            style="animation-delay: 0.24s;"
          >
            <span
              class="inline-block rounded-lg px-2 py-2 text-sm text-title-normal shadow-custom-soft"
            >
              Supabase
            </span>
          </div>
          <div
            class="animate-appear"
            style="animation-delay: 0.255s;"
          >
            <span
              class="inline-block rounded-lg px-2 py-2 text-sm text-title-normal shadow-custom-soft"
            >
              React Native
            </span>
          </div>
          <div
            class="animate-appear"
            style="animation-delay: 0.27s;"
          >
            <span
              class="inline-block rounded-lg px-2 py-2 text-sm text-title-normal shadow-custom-soft"
            >
              HTML
            </span>
          </div>
          <div
            class="animate-appear"
            style="animation-delay: 0.285s;"
          >
            <span
              class="inline-block rounded-lg px-2 py-2 text-sm text-title-normal shadow-custom-soft"
            >
              CSS
            </span>
          </div>
          <div
            class="animate-appear"
            style="animation-delay: 0.3s;"
          >
            <span
              class="inline-block rounded-lg px-2 py-2 text-sm text-title-normal shadow-custom-soft"
            >
              Sass
            </span>
          </div>
          <div
            class="animate-appear"
            style="animation-delay: 0.315s;"
          >
            <span
              class="inline-block rounded-lg px-2 py-2 text-sm text-title-normal shadow-custom-soft"
            >
              Tailwind
            </span>
          </div>
          <div
            class="animate-appear"
            style="animation-delay: 0.32999999999999996s;"
          >
            <span
              class="inline-block rounded-lg px-2 py-2 text-sm text-title-normal shadow-custom-soft"
            >
              Node
            </span>
          </div>
          <div
            class="animate-appear"
            style="animation-delay: 0.345s;"
          >
            <span
              class="inline-block rounded-lg px-2 py-2 text-sm text-title-normal shadow-custom-soft"
            >
              Jest
            </span>
          </div>
          <div
            class="animate-appear"
            style="animation-delay: 0.36s;"
          >
            <span
              class="inline-block rounded-lg px-2 py-2 text-sm text-title-normal shadow-custom-soft"
            >
              Express
            </span>
          </div>
          <div
            class="animate-appear"
            style="animation-delay: 0.375s;"
          >
            <span
              class="inline-block rounded-lg px-2 py-2 text-sm text-title-normal shadow-custom-soft"
            >
              SQL
            </span>
          </div>
          <div
            class="animate-appear"
            style="animation-delay: 0.39s;"
          >
            <span
              class="inline-block rounded-lg px-2 py-2 text-sm text-title-normal shadow-custom-soft"
            >
              Docker
            </span>
          </div>
          <div
            class="animate-appear"
            style="animation-delay: 0.40499999999999997s;"
          >
            <span
              class="inline-block rounded-lg px-2 py-2 text-sm text-title-normal shadow-custom-soft"
            >
              Git
            </span>
          </div>
          <div
            class="animate-appear"
            style="animation-delay: 0.42s;"
          >
            <span
              class="inline-block rounded-lg px-2 py-2 text-sm text-title-normal shadow-custom-soft"
            >
              Unix
            </span>
          </div>
        </div>
        <div
          class="flex flex-col items-center justify-center gap-4"
        >
          <p
            class="animate-appear leading-relaxed"
            style="animation-delay: 0.12s;"
          >
            Full-stack software engineer with a strong foundation in JavaScript, and TypeScript, mainly interested in user interfaces and user experiences, and artificial intelligence.
          </p>
          <p
            class="animate-appear leading-relaxed"
            style="animation-delay: 0.27749999999999997s;"
          >
            Skilled in building scalable solutions across diverse tech stacks, including Next.js, Supabase, and Tailwind CSS, with a keen interest in privacy-focused and developer-centric tools.
          </p>
        </div>
      </div>
    </div>
  </section>
  <section
    class="w-full py-8"
    id="career"
  >
    <div
      class="container relative ml-auto mr-auto w-screen max-w-custom px-8 md:px-0 mb-12"
    >
      <div
        class="text-left"
      >
        <div
          class="animate-appear"
          style="animation-delay: 0.435s;"
        >
          <h3>
            Career
          </h3>
        </div>
        <div
          class="animate-appear"
          style="animation-delay: 0.495s;"
        />
        <div
          class="animate-appear"
          style="animation-delay: 0.5549999999999999s;"
        />
      </div>
    </div>
    <div
      class="container relative ml-auto mr-auto w-screen max-w-custom px-8 md:px-0"
    >
      <div
        class="flex flex-col justify-center items-start gap-8"
      >
        <div
          class="flex flex-col justify-center animate-appear items-start gap-2"
          style="animation-delay: 0.495s;"
        >
          <h4
            class="mb-0"
          >
            UX Software Engineering Intern
          </h4>
          <div
            class="flex"
          >
            <a
              href="https://ergosign.de/de/"
              target="_blank"
            >
              <button
                class="relative inline-flex items-center justify-center gap-1 whitespace-nowrap rounded-md font-medium ring-offset-background transition-colors focus-visible:outline-none focus-visible:ring-2 focus-visible:ring-ring focus-visible:ring-offset-2 disabled:pointer-events-none disabled:opacity-50 text-md h-auto p-0 text-text-normal underline underline-offset-2 hover:text-text-dark"
              >
                Ergosign
              </button>
            </a>
            <svg
              class="lucide lucide-dot"
              fill="none"
              height="24"
              stroke="currentColor"
              stroke-linecap="round"
              stroke-linejoin="round"
              stroke-width="2"
              viewBox="0 0 24 24"
              width="24"
              xmlns="http://www.w3.org/2000/svg"
            >
              <circle
                cx="12.1"
                cy="12.1"
                r="1"
              />
            </svg>
            Saarbrücken, Germany
          </div>
          <div
            class="flex"
          >
            August 2024 - Present
          </div>
        </div>
        <div
          class="flex flex-col justify-center animate-appear items-start gap-2"
          style="animation-delay: 0.5549999999999999s;"
        >
          <h4
            class="mb-0"
          >
            Programming II and Precourse Tutor
          </h4>
          <div
            class="flex"
          >
            <span>
              University of Saarland
            </span>
            <svg
              class="lucide lucide-dot"
              fill="none"
              height="24"
              stroke="currentColor"
              stroke-linecap="round"
              stroke-linejoin="round"
              stroke-width="2"
              viewBox="0 0 24 24"
              width="24"
              xmlns="http://www.w3.org/2000/svg"
            >
              <circle
                cx="12.1"
                cy="12.1"
                r="1"
              />
            </svg>
            Saarbrücken, Germany
          </div>
          <div
            class="flex"
          >
            Summer terms 2023 and 2024
          </div>
        </div>
      </div>
    </div>
  </section>
</DocumentFragment>
`;
