// Jest Snapshot v1, https://goo.gl/fbAQLP

exports[`About renders about page unchanged 1`] = `
<DocumentFragment>
  <section
    class="w-full py-16 sm:py-24"
    id="about"
  >
    <div
      class="container relative ml-auto mr-auto w-screen max-w-custom px-8 md:px-0"
    >
      <div
        class="max-w-[38rem] motion-safe:animate-appear motion-reduce:animate-appear-reduced"
      >
        <p
          class="mb-5 text-sm font-medium text-text-light"
        >
          About me
        </p>
        <h1
          class="max-w-[13ch] text-4xl leading-tight tracking-[-0.04em] sm:text-5xl"
        >
          I care about making complicated things feel clear.
        </h1>
        <div
          class="mt-10 space-y-6 text-lg leading-[1.8] text-text-light"
        >
          <p>
            I’m Fabian Waller, a software engineer based in Saarbrücken. I enjoy the stretch between a rough idea and a product that feels obvious in someone’s hands—the questions, choices, and careful details that get it there.
          </p>
          <p>
            Today, I help create digital products at 
            <a
              class="font-medium text-title-normal underline decoration-primary/50 underline-offset-4 transition-colors hover:decoration-primary"
              href="https://ergosign.de/de/"
              rel="noreferrer"
              target="_blank"
            >
              Ergosign
            </a>
            . Alongside that work, I study computer science at Saarland University. One teaches me to think deeply; the other keeps that thinking useful to real people.
          </p>
        </div>
        <div
          class="mt-10 flex flex-wrap gap-3"
        >
          <a
            class="relative inline-flex items-center justify-center gap-1 whitespace-nowrap rounded-md text-sm font-medium ring-offset-background transition-colors focus-visible:outline-none focus-visible:ring-2 focus-visible:ring-ring focus-visible:ring-offset-2 disabled:pointer-events-none disabled:opacity-50 h-10 px-4 py-2 bg-primary text-title-normal hover:bg-primary-foreground"
            href="/projects"
          >
            See my work
          </a>
          <a
            class="relative inline-flex items-center justify-center gap-1 whitespace-nowrap rounded-md text-sm font-medium ring-offset-background transition-colors focus-visible:outline-none focus-visible:ring-2 focus-visible:ring-ring focus-visible:ring-offset-2 disabled:pointer-events-none disabled:opacity-50 h-10 px-4 py-2 hover:bg-card-foreground hover:text-primary-foreground"
            href="/contact"
          >
            Get in touch
          </a>
        </div>
      </div>
    </div>
  </section>
</DocumentFragment>
`;
