// Jest Snapshot v1, https://goo.gl/fbAQLP

exports[`About renders about page unchanged 1`] = `
<DocumentFragment>
  <section
    class="w-full py-8"
    id="about"
  >
    <div
      class="container relative ml-auto mr-auto w-screen max-w-custom px-8 md:px-0 mb-12"
    >
      <div
        class="text-center"
      >
        <div
          class="motion-safe:animate-appear motion-reduce:animate-appear-reduced"
          style="animation-delay: 0s;"
        >
          <h2>
            About me
          </h2>
        </div>
        <div
          class="motion-safe:animate-appear motion-reduce:animate-appear-reduced"
          style="animation-delay: 0.06s;"
        >
          <span
            class="block text-sm"
          >
            What I'm Doing Now
          </span>
        </div>
        <div
          class="motion-safe:animate-appear motion-reduce:animate-appear-reduced"
          style="animation-delay: 0.12s;"
        />
      </div>
    </div>
    <div
      class="container relative ml-auto mr-auto w-screen max-w-custom px-8 md:px-0"
    >
      <div
        class="grid items-start gap-6 md:grid-cols-2"
      >
        <div
          class="flex flex-wrap items-center justify-start gap-x-2 gap-y-4"
        >
          <div
            class="motion-safe:animate-appear motion-reduce:animate-appear-reduced"
            style="--animation-delay-sm: 0.12s; --animation-delay-md: 0.12s; animation-delay: var(--animation-delay-sm);"
          >
            <span
              class="inline-block rounded-lg px-2 py-2 text-sm text-title-normal shadow-custom-soft"
            >
              TypeScript
            </span>
          </div>
          <div
            class="motion-safe:animate-appear motion-reduce:animate-appear-reduced"
            style="--animation-delay-sm: 0.1275s; --animation-delay-md: 0.1275s; animation-delay: var(--animation-delay-sm);"
          >
            <span
              class="inline-block rounded-lg px-2 py-2 text-sm text-title-normal shadow-custom-soft"
            >
              JavaScript
            </span>
          </div>
          <div
            class="motion-safe:animate-appear motion-reduce:animate-appear-reduced"
            style="--animation-delay-sm: 0.135s; --animation-delay-md: 0.135s; animation-delay: var(--animation-delay-sm);"
          >
            <span
              class="inline-block rounded-lg px-2 py-2 text-sm text-title-normal shadow-custom-soft"
            >
              Python
            </span>
          </div>
          <div
            class="motion-safe:animate-appear motion-reduce:animate-appear-reduced"
            style="--animation-delay-sm: 0.1425s; --animation-delay-md: 0.1425s; animation-delay: var(--animation-delay-sm);"
          >
            <span
              class="inline-block rounded-lg px-2 py-2 text-sm text-title-normal shadow-custom-soft"
            >
              Java
            </span>
          </div>
          <div
            class="motion-safe:animate-appear motion-reduce:animate-appear-reduced"
            style="--animation-delay-sm: 0.15s; --animation-delay-md: 0.15s; animation-delay: var(--animation-delay-sm);"
          >
            <span
              class="inline-block rounded-lg px-2 py-2 text-sm text-title-normal shadow-custom-soft"
            >
              C++
            </span>
          </div>
          <div
            class="motion-safe:animate-appear motion-reduce:animate-appear-reduced"
            style="--animation-delay-sm: 0.1575s; --animation-delay-md: 0.1575s; animation-delay: var(--animation-delay-sm);"
          >
            <span
              class="inline-block rounded-lg px-2 py-2 text-sm text-title-normal shadow-custom-soft"
            >
              C
            </span>
          </div>
          <div
            class="motion-safe:animate-appear motion-reduce:animate-appear-reduced"
            style="--animation-delay-sm: 0.16499999999999998s; --animation-delay-md: 0.16499999999999998s; animation-delay: var(--animation-delay-sm);"
          >
            <span
              class="inline-block rounded-lg px-2 py-2 text-sm text-title-normal shadow-custom-soft"
            >
              React
            </span>
          </div>
          <div
            class="motion-safe:animate-appear motion-reduce:animate-appear-reduced"
            style="--animation-delay-sm: 0.1725s; --animation-delay-md: 0.1725s; animation-delay: var(--animation-delay-sm);"
          >
            <span
              class="inline-block rounded-lg px-2 py-2 text-sm text-title-normal shadow-custom-soft"
            >
              NextJs
            </span>
          </div>
          <div
            class="motion-safe:animate-appear motion-reduce:animate-appear-reduced"
            style="--animation-delay-sm: 0.18s; --animation-delay-md: 0.18s; animation-delay: var(--animation-delay-sm);"
          >
            <span
              class="inline-block rounded-lg px-2 py-2 text-sm text-title-normal shadow-custom-soft"
            >
              Supabase
            </span>
          </div>
          <div
            class="motion-safe:animate-appear motion-reduce:animate-appear-reduced"
            style="--animation-delay-sm: 0.1875s; --animation-delay-md: 0.1875s; animation-delay: var(--animation-delay-sm);"
          >
            <span
              class="inline-block rounded-lg px-2 py-2 text-sm text-title-normal shadow-custom-soft"
            >
              React Native
            </span>
          </div>
          <div
            class="motion-safe:animate-appear motion-reduce:animate-appear-reduced"
            style="--animation-delay-sm: 0.195s; --animation-delay-md: 0.195s; animation-delay: var(--animation-delay-sm);"
          >
            <span
              class="inline-block rounded-lg px-2 py-2 text-sm text-title-normal shadow-custom-soft"
            >
              HTML
            </span>
          </div>
          <div
            class="motion-safe:animate-appear motion-reduce:animate-appear-reduced"
            style="--animation-delay-sm: 0.20249999999999999s; --animation-delay-md: 0.20249999999999999s; animation-delay: var(--animation-delay-sm);"
          >
            <span
              class="inline-block rounded-lg px-2 py-2 text-sm text-title-normal shadow-custom-soft"
            >
              CSS
            </span>
          </div>
          <div
            class="motion-safe:animate-appear motion-reduce:animate-appear-reduced"
            style="--animation-delay-sm: 0.21s; --animation-delay-md: 0.21s; animation-delay: var(--animation-delay-sm);"
          >
            <span
              class="inline-block rounded-lg px-2 py-2 text-sm text-title-normal shadow-custom-soft"
            >
              Sass
            </span>
          </div>
          <div
            class="motion-safe:animate-appear motion-reduce:animate-appear-reduced"
            style="--animation-delay-sm: 0.2175s; --animation-delay-md: 0.2175s; animation-delay: var(--animation-delay-sm);"
          >
            <span
              class="inline-block rounded-lg px-2 py-2 text-sm text-title-normal shadow-custom-soft"
            >
              Tailwind
            </span>
          </div>
          <div
            class="motion-safe:animate-appear motion-reduce:animate-appear-reduced"
            style="--animation-delay-sm: 0.22499999999999998s; --animation-delay-md: 0.22499999999999998s; animation-delay: var(--animation-delay-sm);"
          >
            <span
              class="inline-block rounded-lg px-2 py-2 text-sm text-title-normal shadow-custom-soft"
            >
              Node
            </span>
          </div>
          <div
            class="motion-safe:animate-appear motion-reduce:animate-appear-reduced"
            style="--animation-delay-sm: 0.23249999999999998s; --animation-delay-md: 0.23249999999999998s; animation-delay: var(--animation-delay-sm);"
          >
            <span
              class="inline-block rounded-lg px-2 py-2 text-sm text-title-normal shadow-custom-soft"
            >
              Jest
            </span>
          </div>
          <div
            class="motion-safe:animate-appear motion-reduce:animate-appear-reduced"
            style="--animation-delay-sm: 0.24s; --animation-delay-md: 0.24s; animation-delay: var(--animation-delay-sm);"
          >
            <span
              class="inline-block rounded-lg px-2 py-2 text-sm text-title-normal shadow-custom-soft"
            >
              Express
            </span>
          </div>
          <div
            class="motion-safe:animate-appear motion-reduce:animate-appear-reduced"
            style="--animation-delay-sm: 0.2475s; --animation-delay-md: 0.2475s; animation-delay: var(--animation-delay-sm);"
          >
            <span
              class="inline-block rounded-lg px-2 py-2 text-sm text-title-normal shadow-custom-soft"
            >
              SQL
            </span>
          </div>
          <div
            class="motion-safe:animate-appear motion-reduce:animate-appear-reduced"
            style="--animation-delay-sm: 0.255s; --animation-delay-md: 0.255s; animation-delay: var(--animation-delay-sm);"
          >
            <span
              class="inline-block rounded-lg px-2 py-2 text-sm text-title-normal shadow-custom-soft"
            >
              Docker
            </span>
          </div>
          <div
            class="motion-safe:animate-appear motion-reduce:animate-appear-reduced"
            style="--animation-delay-sm: 0.2625s; --animation-delay-md: 0.2625s; animation-delay: var(--animation-delay-sm);"
          >
            <span
              class="inline-block rounded-lg px-2 py-2 text-sm text-title-normal shadow-custom-soft"
            >
              Git
            </span>
          </div>
          <div
            class="motion-safe:animate-appear motion-reduce:animate-appear-reduced"
            style="--animation-delay-sm: 0.27s; --animation-delay-md: 0.27s; animation-delay: var(--animation-delay-sm);"
          >
            <span
              class="inline-block rounded-lg px-2 py-2 text-sm text-title-normal shadow-custom-soft"
            >
              Unix
            </span>
          </div>
        </div>
        <div
          class="flex flex-col items-center justify-center gap-4"
        >
          <p
            class="leading-relaxed motion-safe:animate-appear motion-reduce:animate-appear-reduced"
            style="--animation-delay-sm: 0.27749999999999997s; --animation-delay-md: 0.12s; animation-delay: var(--animation-delay-sm);"
          >
            Full-stack software engineer with a strong foundation in JavaScript, and TypeScript, mainly interested in user interfaces and user experiences, and artificial intelligence.
          </p>
          <p
            class="leading-relaxed motion-safe:animate-appear motion-reduce:animate-appear-reduced"
            style="--animation-delay-sm: 0.33749999999999997s; --animation-delay-md: 0.19874999999999998s; animation-delay: var(--animation-delay-sm);"
          >
            Skilled in building scalable solutions across diverse tech stacks, including Next.js, Supabase, and Tailwind CSS, with a keen interest in privacy-focused and developer-centric tools.
          </p>
        </div>
      </div>
    </div>
  </section>
  <section
    class="w-full py-8"
    id="career"
  >
    <div
      class="container relative ml-auto mr-auto w-screen max-w-custom px-8 md:px-0 mb-12"
    >
      <div
        class="text-left"
      >
        <div
          class="motion-safe:animate-appear motion-reduce:animate-appear-reduced"
          style="animation-delay: 0.39749999999999996s;"
        >
          <h3>
            Career
          </h3>
        </div>
        <div
          class="motion-safe:animate-appear motion-reduce:animate-appear-reduced"
          style="animation-delay: 0.45749999999999996s;"
        />
        <div
          class="motion-safe:animate-appear motion-reduce:animate-appear-reduced"
          style="animation-delay: 0.5175s;"
        />
      </div>
    </div>
    <div
      class="container relative ml-auto mr-auto w-screen max-w-custom px-8 md:px-0"
    >
      <div
        class="flex flex-col justify-center items-start gap-8"
      >
        <div
          class="flex flex-col justify-center items-start gap-2 motion-safe:animate-appear motion-reduce:animate-appear-reduced"
          style="animation-delay: 0.45749999999999996s;"
        >
          <h4
            class="mb-0"
          >
            UX Software Engineering Intern
          </h4>
          <div
            class="flex"
          >
            <a
              href="https://ergosign.de/de/"
              target="_blank"
            >
              <button
                class="relative inline-flex items-center justify-center gap-1 whitespace-nowrap rounded-md font-medium ring-offset-background transition-colors focus-visible:outline-none focus-visible:ring-2 focus-visible:ring-ring focus-visible:ring-offset-2 disabled:pointer-events-none disabled:opacity-50 text-md h-auto p-0 text-text-normal underline underline-offset-2 hover:text-text-dark"
              >
                Ergosign
              </button>
            </a>
            <svg
              class="lucide lucide-dot"
              fill="none"
              height="24"
              stroke="currentColor"
              stroke-linecap="round"
              stroke-linejoin="round"
              stroke-width="2"
              viewBox="0 0 24 24"
              width="24"
              xmlns="http://www.w3.org/2000/svg"
            >
              <circle
                cx="12.1"
                cy="12.1"
                r="1"
              />
            </svg>
            Saarbrücken, Germany
          </div>
          <div
            class="flex"
          >
            August 2024 - Present
          </div>
        </div>
        <div
          class="flex flex-col justify-center items-start gap-2 motion-safe:animate-appear motion-reduce:animate-appear-reduced"
          style="animation-delay: 0.5175s;"
        >
          <h4
            class="mb-0"
          >
            Programming II and Precourse Tutor
          </h4>
          <div
            class="flex"
          >
            <span>
              University of Saarland
            </span>
            <svg
              class="lucide lucide-dot"
              fill="none"
              height="24"
              stroke="currentColor"
              stroke-linecap="round"
              stroke-linejoin="round"
              stroke-width="2"
              viewBox="0 0 24 24"
              width="24"
              xmlns="http://www.w3.org/2000/svg"
            >
              <circle
                cx="12.1"
                cy="12.1"
                r="1"
              />
            </svg>
            Saarbrücken, Germany
          </div>
          <div
            class="flex"
          >
            Summer terms 2023 and 2024
          </div>
        </div>
      </div>
    </div>
  </section>
</DocumentFragment>
`;
