// Jest Snapshot v1, https://goo.gl/fbAQLP

exports[`Blog renders blog page unchanged 1`] = `
<DocumentFragment>
  <section
    class="w-full py-12 sm:py-16 min-h-[calc(100vh-var(--header-height)-15.25rem)] lg:min-h-[calc(100vh-var(--header-height)-12rem)]"
    id="blog"
  >
    <div
      class="container relative ml-auto mr-auto w-screen max-w-custom px-8 md:px-0 mb-10 sm:mb-12"
    >
      <div
        class="flex flex-col gap-3 items-center text-center"
      >
        <div
          class="motion-safe:animate-appear motion-reduce:animate-appear-reduced"
          style="animation-delay: 0s;"
        >
          <h2
            class="mb-0 max-w-3xl text-4xl font-semibold leading-tight text-title-normal sm:text-5xl"
          >
            Personal Blog
          </h2>
        </div>
        <div
          class="motion-safe:animate-appear motion-reduce:animate-appear-reduced"
          style="animation-delay: 0.06s;"
        >
          <span
            class="block text-sm font-medium uppercase text-text-light"
          >
            insight in my thoughts
          </span>
        </div>
        <div
          class="motion-safe:animate-appear motion-reduce:animate-appear-reduced"
          style="animation-delay: 0.12s;"
        />
      </div>
    </div>
    <div
      class="container relative ml-auto mr-auto w-screen max-w-custom px-8 md:px-0"
    >
      <div
        class="flex flex-col items-center justify-center gap-4"
      >
        <div
          class="flex flex-col items-center justify-center gap-4"
        >
          <a
            class="motion-safe:animate-appear motion-reduce:animate-appear-reduced"
            href="/blog/slug1"
            style="animation-delay: 0.18s;"
          >
            <div
              class="relative block h-full w-full"
            >
              <div
                class="shadow-custom-soft grid gap-4 overflow-hidden rounded-lg border-none shadow-none hover:bg-transparent relative -left-4 z-20 w-full-plus bg-transparent px-5 py-4"
              >
                <div
                  class=""
                >
                  <div
                    class="flex flex-col gap-3 sm:flex-row sm:items-center sm:justify-between sm:gap-4"
                  >
                    <div
                      class="max-w-xl"
                    >
                      <h3
                        class="mb-1 text-xl font-semibold leading-snug text-title-normal"
                      >
                        Title
                      </h3>
                      <p
                        class="text-sm leading-6 text-text-light"
                      >
                        summary
                      </p>
                    </div>
                    <span
                      class="text-sm font-medium text-text-light"
                    >
                      02.10.2024
                    </span>
                  </div>
                </div>
              </div>
            </div>
          </a>
          <a
            class="motion-safe:animate-appear motion-reduce:animate-appear-reduced"
            href="/blog/slug2"
            style="animation-delay: 0.24s;"
          >
            <div
              class="relative block h-full w-full"
            >
              <div
                class="shadow-custom-soft grid gap-4 overflow-hidden rounded-lg border-none shadow-none hover:bg-transparent relative -left-4 z-20 w-full-plus bg-transparent px-5 py-4"
              >
                <div
                  class=""
                >
                  <div
                    class="flex flex-col gap-3 sm:flex-row sm:items-center sm:justify-between sm:gap-4"
                  >
                    <div
                      class="max-w-xl"
                    >
                      <h3
                        class="mb-1 text-xl font-semibold leading-snug text-title-normal"
                      >
                        Title
                      </h3>
                      <p
                        class="text-sm leading-6 text-text-light"
                      >
                        summary
                      </p>
                    </div>
                    <span
                      class="text-sm font-medium text-text-light"
                    >
                      02.10.2024
                    </span>
                  </div>
                </div>
              </div>
            </div>
          </a>
        </div>
      </div>
    </div>
  </section>
</DocumentFragment>
`;
