// Jest Snapshot v1, https://goo.gl/fbAQLP

exports[`Blog renders blog page unchanged 1`] = `
<DocumentFragment>
  <section
    class="w-full py-8"
    id="blog"
  >
    <div
      class="container relative ml-auto mr-auto w-screen max-w-custom px-8 md:px-0 mb-12"
    >
      <div
        class="text-center"
      >
        <div
          class="motion-safe:animate-appear motion-reduce:animate-appear-reduced"
          style="animation-delay: 0s;"
        >
          <h2>
            Personal Blog
          </h2>
        </div>
        <div
          class="motion-safe:animate-appear motion-reduce:animate-appear-reduced"
          style="animation-delay: 0.06s;"
        >
          <span
            class="block text-sm"
          >
            insight in my thoughts
          </span>
        </div>
        <div
          class="motion-safe:animate-appear motion-reduce:animate-appear-reduced"
          style="animation-delay: 0.12s;"
        />
      </div>
    </div>
    <div
      class="container relative ml-auto mr-auto w-screen max-w-custom px-8 md:px-0"
    >
      <div
        class="flex flex-col items-center justify-center gap-4"
      >
        <p
          class="motion-reduce:animate-appear-reduced leading-relaxed motion-safe:animate-appear"
          style="animation-delay: 0.12s;"
        >
          Here you'll find all my public thoughts, notes, learnings and experiences. I share whatever I want, ranging from programming to math, over books and podcasts and much more. Scroll down to check them out!
        </p>
        <div
          class="flex flex-col items-center justify-center gap-4"
        >
          <a
            class="motion-reduce:animate-appear-reduced motion-safe:animate-appear"
            href="/blog/slug1"
            style="animation-delay: 0.18s;"
          >
            <div
              class="relative block h-full w-full"
            >
              <div
                class="shadow-custom-soft grid gap-4 overflow-hidden rounded-lg px-6 py-4 border-none shadow-none hover:bg-transparent relative -left-4 z-20 w-full-plus bg-transparent"
              >
                <div
                  class=""
                >
                  <div
                    class="flex items-center justify-between gap-4"
                  >
                    <div>
                      <h3>
                        Title
                      </h3>
                      <p
                        class="text-normal"
                      >
                        summary
                      </p>
                    </div>
                    <span>
                      02.10.2024
                    </span>
                  </div>
                </div>
              </div>
            </div>
          </a>
          <a
            class="motion-reduce:animate-appear-reduced motion-safe:animate-appear"
            href="/blog/slug2"
            style="animation-delay: 0.24s;"
          >
            <div
              class="relative block h-full w-full"
            >
              <div
                class="shadow-custom-soft grid gap-4 overflow-hidden rounded-lg px-6 py-4 border-none shadow-none hover:bg-transparent relative -left-4 z-20 w-full-plus bg-transparent"
              >
                <div
                  class=""
                >
                  <div
                    class="flex items-center justify-between gap-4"
                  >
                    <div>
                      <h3>
                        Title
                      </h3>
                      <p
                        class="text-normal"
                      >
                        summary
                      </p>
                    </div>
                    <span>
                      02.10.2024
                    </span>
                  </div>
                </div>
              </div>
            </div>
          </a>
        </div>
      </div>
    </div>
  </section>
</DocumentFragment>
`;
