// Jest Snapshot v1, https://jestjs.io/docs/snapshot-testing

exports[`Logo renders Logo unchanged 1`] = `
<DocumentFragment>
  <a
    href="/"
  >
    <span
      class="text-sm font-semibold tracking-normal text-title-normal"
    >
      Fabian Waller
    </span>
  </a>
</DocumentFragment>
`;

exports[`Logo renders white Logo unchanged 1`] = `
<DocumentFragment>
  <a
    href="/"
  >
    <span
      class="text-sm font-semibold tracking-normal text-title-normal"
    >
      Fabian Waller
    </span>
  </a>
</DocumentFragment>
`;
